Archive member included to satisfy reference by file (symbol)

d:/microchip studio/7.0/toolchain/avr8/avr8-gnu-toolchain/bin/../lib/gcc/avr/5.4.0/avr5\libgcc.a(_udivmodsi4.o)
                              USART.o (__udivmodsi4)
d:/microchip studio/7.0/toolchain/avr8/avr8-gnu-toolchain/bin/../lib/gcc/avr/5.4.0/avr5\libgcc.a(_exit.o)
                              D:/Microchip Studio/7.0/Packs/atmel/ATmega_DFP/1.7.374/gcc/dev/atmega32/avr5/crtatmega32.o (exit)
d:/microchip studio/7.0/toolchain/avr8/avr8-gnu-toolchain/bin/../lib/gcc/avr/5.4.0/avr5\libgcc.a(_copy_data.o)
                              FUNCTIONS.o (__do_copy_data)
d:/microchip studio/7.0/toolchain/avr8/avr8-gnu-toolchain/bin/../lib/gcc/avr/5.4.0/avr5\libgcc.a(_clear_bss.o)
                              EXT_INTERRUPT.o (__do_clear_bss)

Discarded input sections

 .data          0x00000000        0x0 D:/Microchip Studio/7.0/Packs/atmel/ATmega_DFP/1.7.374/gcc/dev/atmega32/avr5/crtatmega32.o
 .bss           0x00000000        0x0 D:/Microchip Studio/7.0/Packs/atmel/ATmega_DFP/1.7.374/gcc/dev/atmega32/avr5/crtatmega32.o
 .text          0x00000000        0x0 DIO.o
 .data          0x00000000        0x0 DIO.o
 .bss           0x00000000        0x0 DIO.o
 .text.DIO_voidSetPortPullUpRes
                0x00000000       0x16 DIO.o
 .text          0x00000000        0x0 EXT_INTERRUPT.o
 .data          0x00000000        0x0 EXT_INTERRUPT.o
 .bss           0x00000000        0x0 EXT_INTERRUPT.o
 .text.EXTI_voidGlobalINT_Disable
                0x00000000        0x8 EXT_INTERRUPT.o
 .text.EXTI_voidDisableInterrupt
                0x00000000       0x26 EXT_INTERRUPT.o
 .text.EXTI_u8GetFlag
                0x00000000       0x38 EXT_INTERRUPT.o
 .text          0x00000000        0x0 FUNCTIONS.o
 .data          0x00000000        0x0 FUNCTIONS.o
 .bss           0x00000000        0x0 FUNCTIONS.o
 .text          0x00000000        0x0 KEYPAD.o
 .data          0x00000000        0x0 KEYPAD.o
 .bss           0x00000000        0x0 KEYPAD.o
 .text          0x00000000        0x0 LCD.o
 .data          0x00000000        0x0 LCD.o
 .bss           0x00000000        0x0 LCD.o
 .text.LCD_voidArabeMode
                0x00000000       0x10 LCD.o
 .text.LCD_voidMoveToNextlineAutoArabeMode
                0x00000000       0x12 LCD.o
 .text.LCD_voidCreateCustomChar
                0x00000000       0x3a LCD.o
 .text          0x00000000        0x0 LED.o
 .data          0x00000000        0x0 LED.o
 .bss           0x00000000        0x0 LED.o
 .text          0x00000000        0x0 main.o
 .data          0x00000000        0x0 main.o
 .bss           0x00000000        0x0 main.o
 .text          0x00000000        0x0 Timer.o
 .data          0x00000000        0x0 Timer.o
 .bss           0x00000000        0x0 Timer.o
 .text.M_TIMER0_voidInit
                0x00000000       0x30 Timer.o
 .text.M_TIMER0_void_Disable
                0x00000000       0x1a Timer.o
 .text.M_TIMER0_voidSetDuty
                0x00000000        0x4 Timer.o
 .text.M_TIMER0_voidTimer0SetCallBack
                0x00000000       0x22 Timer.o
 .text          0x00000000        0x0 USART.o
 .data          0x00000000        0x0 USART.o
 .bss           0x00000000        0x0 USART.o
 .text.M_USART_sendString
                0x00000000       0x1a USART.o
 .text.M_USART_receiveU32
                0x00000000       0x68 USART.o
 .text          0x00000000        0x0 d:/microchip studio/7.0/toolchain/avr8/avr8-gnu-toolchain/bin/../lib/gcc/avr/5.4.0/avr5\libgcc.a(_udivmodsi4.o)
 .data          0x00000000        0x0 d:/microchip studio/7.0/toolchain/avr8/avr8-gnu-toolchain/bin/../lib/gcc/avr/5.4.0/avr5\libgcc.a(_udivmodsi4.o)
 .bss           0x00000000        0x0 d:/microchip studio/7.0/toolchain/avr8/avr8-gnu-toolchain/bin/../lib/gcc/avr/5.4.0/avr5\libgcc.a(_udivmodsi4.o)
 .text.libgcc.mul
                0x00000000        0x0 d:/microchip studio/7.0/toolchain/avr8/avr8-gnu-toolchain/bin/../lib/gcc/avr/5.4.0/avr5\libgcc.a(_udivmodsi4.o)
 .text.libgcc   0x00000000        0x0 d:/microchip studio/7.0/toolchain/avr8/avr8-gnu-toolchain/bin/../lib/gcc/avr/5.4.0/avr5\libgcc.a(_udivmodsi4.o)
 .text.libgcc.prologue
                0x00000000        0x0 d:/microchip studio/7.0/toolchain/avr8/avr8-gnu-toolchain/bin/../lib/gcc/avr/5.4.0/avr5\libgcc.a(_udivmodsi4.o)
 .text.libgcc.builtins
                0x00000000        0x0 d:/microchip studio/7.0/toolchain/avr8/avr8-gnu-toolchain/bin/../lib/gcc/avr/5.4.0/avr5\libgcc.a(_udivmodsi4.o)
 .text.libgcc.fmul
                0x00000000        0x0 d:/microchip studio/7.0/toolchain/avr8/avr8-gnu-toolchain/bin/../lib/gcc/avr/5.4.0/avr5\libgcc.a(_udivmodsi4.o)
 .text.libgcc.fixed
                0x00000000        0x0 d:/microchip studio/7.0/toolchain/avr8/avr8-gnu-toolchain/bin/../lib/gcc/avr/5.4.0/avr5\libgcc.a(_udivmodsi4.o)
 .text          0x00000000        0x0 d:/microchip studio/7.0/toolchain/avr8/avr8-gnu-toolchain/bin/../lib/gcc/avr/5.4.0/avr5\libgcc.a(_exit.o)
 .data          0x00000000        0x0 d:/microchip studio/7.0/toolchain/avr8/avr8-gnu-toolchain/bin/../lib/gcc/avr/5.4.0/avr5\libgcc.a(_exit.o)
 .bss           0x00000000        0x0 d:/microchip studio/7.0/toolchain/avr8/avr8-gnu-toolchain/bin/../lib/gcc/avr/5.4.0/avr5\libgcc.a(_exit.o)
 .text.libgcc.mul
                0x00000000        0x0 d:/microchip studio/7.0/toolchain/avr8/avr8-gnu-toolchain/bin/../lib/gcc/avr/5.4.0/avr5\libgcc.a(_exit.o)
 .text.libgcc.div
                0x00000000        0x0 d:/microchip studio/7.0/toolchain/avr8/avr8-gnu-toolchain/bin/../lib/gcc/avr/5.4.0/avr5\libgcc.a(_exit.o)
 .text.libgcc   0x00000000        0x0 d:/microchip studio/7.0/toolchain/avr8/avr8-gnu-toolchain/bin/../lib/gcc/avr/5.4.0/avr5\libgcc.a(_exit.o)
 .text.libgcc.prologue
                0x00000000        0x0 d:/microchip studio/7.0/toolchain/avr8/avr8-gnu-toolchain/bin/../lib/gcc/avr/5.4.0/avr5\libgcc.a(_exit.o)
 .text.libgcc.builtins
                0x00000000        0x0 d:/microchip studio/7.0/toolchain/avr8/avr8-gnu-toolchain/bin/../lib/gcc/avr/5.4.0/avr5\libgcc.a(_exit.o)
 .text.libgcc.fmul
                0x00000000        0x0 d:/microchip studio/7.0/toolchain/avr8/avr8-gnu-toolchain/bin/../lib/gcc/avr/5.4.0/avr5\libgcc.a(_exit.o)
 .text.libgcc.fixed
                0x00000000        0x0 d:/microchip studio/7.0/toolchain/avr8/avr8-gnu-toolchain/bin/../lib/gcc/avr/5.4.0/avr5\libgcc.a(_exit.o)
 .text          0x00000000        0x0 d:/microchip studio/7.0/toolchain/avr8/avr8-gnu-toolchain/bin/../lib/gcc/avr/5.4.0/avr5\libgcc.a(_copy_data.o)
 .data          0x00000000        0x0 d:/microchip studio/7.0/toolchain/avr8/avr8-gnu-toolchain/bin/../lib/gcc/avr/5.4.0/avr5\libgcc.a(_copy_data.o)
 .bss           0x00000000        0x0 d:/microchip studio/7.0/toolchain/avr8/avr8-gnu-toolchain/bin/../lib/gcc/avr/5.4.0/avr5\libgcc.a(_copy_data.o)
 .text.libgcc.mul
                0x00000000        0x0 d:/microchip studio/7.0/toolchain/avr8/avr8-gnu-toolchain/bin/../lib/gcc/avr/5.4.0/avr5\libgcc.a(_copy_data.o)
 .text.libgcc.div
                0x00000000        0x0 d:/microchip studio/7.0/toolchain/avr8/avr8-gnu-toolchain/bin/../lib/gcc/avr/5.4.0/avr5\libgcc.a(_copy_data.o)
 .text.libgcc   0x00000000        0x0 d:/microchip studio/7.0/toolchain/avr8/avr8-gnu-toolchain/bin/../lib/gcc/avr/5.4.0/avr5\libgcc.a(_copy_data.o)
 .text.libgcc.prologue
                0x00000000        0x0 d:/microchip studio/7.0/toolchain/avr8/avr8-gnu-toolchain/bin/../lib/gcc/avr/5.4.0/avr5\libgcc.a(_copy_data.o)
 .text.libgcc.builtins
                0x00000000        0x0 d:/microchip studio/7.0/toolchain/avr8/avr8-gnu-toolchain/bin/../lib/gcc/avr/5.4.0/avr5\libgcc.a(_copy_data.o)
 .text.libgcc.fmul
                0x00000000        0x0 d:/microchip studio/7.0/toolchain/avr8/avr8-gnu-toolchain/bin/../lib/gcc/avr/5.4.0/avr5\libgcc.a(_copy_data.o)
 .text.libgcc.fixed
                0x00000000        0x0 d:/microchip studio/7.0/toolchain/avr8/avr8-gnu-toolchain/bin/../lib/gcc/avr/5.4.0/avr5\libgcc.a(_copy_data.o)
 .text          0x00000000        0x0 d:/microchip studio/7.0/toolchain/avr8/avr8-gnu-toolchain/bin/../lib/gcc/avr/5.4.0/avr5\libgcc.a(_clear_bss.o)
 .data          0x00000000        0x0 d:/microchip studio/7.0/toolchain/avr8/avr8-gnu-toolchain/bin/../lib/gcc/avr/5.4.0/avr5\libgcc.a(_clear_bss.o)
 .bss           0x00000000        0x0 d:/microchip studio/7.0/toolchain/avr8/avr8-gnu-toolchain/bin/../lib/gcc/avr/5.4.0/avr5\libgcc.a(_clear_bss.o)
 .text.libgcc.mul
                0x00000000        0x0 d:/microchip studio/7.0/toolchain/avr8/avr8-gnu-toolchain/bin/../lib/gcc/avr/5.4.0/avr5\libgcc.a(_clear_bss.o)
 .text.libgcc.div
                0x00000000        0x0 d:/microchip studio/7.0/toolchain/avr8/avr8-gnu-toolchain/bin/../lib/gcc/avr/5.4.0/avr5\libgcc.a(_clear_bss.o)
 .text.libgcc   0x00000000        0x0 d:/microchip studio/7.0/toolchain/avr8/avr8-gnu-toolchain/bin/../lib/gcc/avr/5.4.0/avr5\libgcc.a(_clear_bss.o)
 .text.libgcc.prologue
                0x00000000        0x0 d:/microchip studio/7.0/toolchain/avr8/avr8-gnu-toolchain/bin/../lib/gcc/avr/5.4.0/avr5\libgcc.a(_clear_bss.o)
 .text.libgcc.builtins
                0x00000000        0x0 d:/microchip studio/7.0/toolchain/avr8/avr8-gnu-toolchain/bin/../lib/gcc/avr/5.4.0/avr5\libgcc.a(_clear_bss.o)
 .text.libgcc.fmul
                0x00000000        0x0 d:/microchip studio/7.0/toolchain/avr8/avr8-gnu-toolchain/bin/../lib/gcc/avr/5.4.0/avr5\libgcc.a(_clear_bss.o)
 .text.libgcc.fixed
                0x00000000        0x0 d:/microchip studio/7.0/toolchain/avr8/avr8-gnu-toolchain/bin/../lib/gcc/avr/5.4.0/avr5\libgcc.a(_clear_bss.o)

Memory Configuration

Name             Origin             Length             Attributes
text             0x00000000         0x00008000         xr
data             0x00800060         0x00000800         rw !x
eeprom           0x00810000         0x00000400         rw !x
fuse             0x00820000         0x00000002         rw !x
lock             0x00830000         0x00000400         rw !x
signature        0x00840000         0x00000400         rw !x
user_signatures  0x00850000         0x00000400         rw !x
*default*        0x00000000         0xffffffff

Linker script and memory map

LOAD D:/Microchip Studio/7.0/Packs/atmel/ATmega_DFP/1.7.374/gcc/dev/atmega32/avr5/crtatmega32.o
LOAD DIO.o
LOAD EXT_INTERRUPT.o
LOAD FUNCTIONS.o
LOAD KEYPAD.o
LOAD LCD.o
LOAD LED.o
LOAD main.o
LOAD Timer.o
LOAD USART.o
START GROUP
LOAD d:/microchip studio/7.0/toolchain/avr8/avr8-gnu-toolchain/bin/../lib/gcc/avr/5.4.0/../../../../avr/lib/avr5\libm.a
END GROUP
START GROUP
LOAD d:/microchip studio/7.0/toolchain/avr8/avr8-gnu-toolchain/bin/../lib/gcc/avr/5.4.0/avr5\libgcc.a
LOAD d:/microchip studio/7.0/toolchain/avr8/avr8-gnu-toolchain/bin/../lib/gcc/avr/5.4.0/../../../../avr/lib/avr5\libm.a
LOAD d:/microchip studio/7.0/toolchain/avr8/avr8-gnu-toolchain/bin/../lib/gcc/avr/5.4.0/../../../../avr/lib/avr5\libc.a
LOAD D:/Microchip Studio/7.0/Packs/atmel/ATmega_DFP/1.7.374/gcc/dev/atmega32/avr5\libatmega32.a
END GROUP
                0x00000000                __TEXT_REGION_ORIGIN__ = DEFINED (__TEXT_REGION_ORIGIN__)?__TEXT_REGION_ORIGIN__:0x0
                [0x00800060]                __DATA_REGION_ORIGIN__ = DEFINED (__DATA_REGION_ORIGIN__)?__DATA_REGION_ORIGIN__:0x800060
                [0x00008000]                __TEXT_REGION_LENGTH__ = DEFINED (__TEXT_REGION_LENGTH__)?__TEXT_REGION_LENGTH__:0x20000
                [0x00000800]                __DATA_REGION_LENGTH__ = DEFINED (__DATA_REGION_LENGTH__)?__DATA_REGION_LENGTH__:0xffa0
                [0x00000400]                __EEPROM_REGION_LENGTH__ = DEFINED (__EEPROM_REGION_LENGTH__)?__EEPROM_REGION_LENGTH__:0x10000
                [0x00000002]                __FUSE_REGION_LENGTH__ = DEFINED (__FUSE_REGION_LENGTH__)?__FUSE_REGION_LENGTH__:0x400
                0x00000400                __LOCK_REGION_LENGTH__ = DEFINED (__LOCK_REGION_LENGTH__)?__LOCK_REGION_LENGTH__:0x400
                0x00000400                __SIGNATURE_REGION_LENGTH__ = DEFINED (__SIGNATURE_REGION_LENGTH__)?__SIGNATURE_REGION_LENGTH__:0x400
                0x00000400                __USER_SIGNATURE_REGION_LENGTH__ = DEFINED (__USER_SIGNATURE_REGION_LENGTH__)?__USER_SIGNATURE_REGION_LENGTH__:0x400

.hash
 *(.hash)

.dynsym
 *(.dynsym)

.dynstr
 *(.dynstr)

.gnu.version
 *(.gnu.version)

.gnu.version_d
 *(.gnu.version_d)

.gnu.version_r
 *(.gnu.version_r)

.rel.init
 *(.rel.init)

.rela.init
 *(.rela.init)

.rel.text
 *(.rel.text)
 *(.rel.text.*)
 *(.rel.gnu.linkonce.t*)

.rela.text
 *(.rela.text)
 *(.rela.text.*)
 *(.rela.gnu.linkonce.t*)

.rel.fini
 *(.rel.fini)

.rela.fini
 *(.rela.fini)

.rel.rodata
 *(.rel.rodata)
 *(.rel.rodata.*)
 *(.rel.gnu.linkonce.r*)

.rela.rodata
 *(.rela.rodata)
 *(.rela.rodata.*)
 *(.rela.gnu.linkonce.r*)

.rel.data
 *(.rel.data)
 *(.rel.data.*)
 *(.rel.gnu.linkonce.d*)

.rela.data
 *(.rela.data)
 *(.rela.data.*)
 *(.rela.gnu.linkonce.d*)

.rel.ctors
 *(.rel.ctors)

.rela.ctors
 *(.rela.ctors)

.rel.dtors
 *(.rel.dtors)

.rela.dtors
 *(.rela.dtors)

.rel.got
 *(.rel.got)

.rela.got
 *(.rela.got)

.rel.bss
 *(.rel.bss)

.rela.bss
 *(.rela.bss)

.rel.plt
 *(.rel.plt)

.rela.plt
 *(.rela.plt)

.text           0x00000000     0x1234
 *(.vectors)
 .vectors       0x00000000       0x54 D:/Microchip Studio/7.0/Packs/atmel/ATmega_DFP/1.7.374/gcc/dev/atmega32/avr5/crtatmega32.o
                0x00000000                __vector_default
                0x00000000                __vectors
 *(.vectors)
 *(.progmem.gcc*)
                0x00000054                . = ALIGN (0x2)
                0x00000054                __trampolines_start = .
 *(.trampolines)
 .trampolines   0x00000054        0x0 linker stubs
 *(.trampolines*)
                0x00000054                __trampolines_end = .
 *libprintf_flt.a:*(.progmem.data)
 *libc.a:*(.progmem.data)
 *(.progmem*)
                0x00000054                . = ALIGN (0x2)
 *(.jumptables)
 *(.jumptables*)
 *(.lowtext)
 *(.lowtext*)
                0x00000054                __ctors_start = .
 *(.ctors)
                0x00000054                __ctors_end = .
                0x00000054                __dtors_start = .
 *(.dtors)
                0x00000054                __dtors_end = .
 SORT(*)(.ctors)
 SORT(*)(.dtors)
 *(.init0)
 .init0         0x00000054        0x0 D:/Microchip Studio/7.0/Packs/atmel/ATmega_DFP/1.7.374/gcc/dev/atmega32/avr5/crtatmega32.o
                0x00000054                __init
 *(.init0)
 *(.init1)
 *(.init1)
 *(.init2)
 .init2         0x00000054        0xc D:/Microchip Studio/7.0/Packs/atmel/ATmega_DFP/1.7.374/gcc/dev/atmega32/avr5/crtatmega32.o
 *(.init2)
 *(.init3)
 *(.init3)
 *(.init4)
 .init4         0x00000060       0x16 d:/microchip studio/7.0/toolchain/avr8/avr8-gnu-toolchain/bin/../lib/gcc/avr/5.4.0/avr5\libgcc.a(_copy_data.o)
                0x00000060                __do_copy_data
 .init4         0x00000076       0x10 d:/microchip studio/7.0/toolchain/avr8/avr8-gnu-toolchain/bin/../lib/gcc/avr/5.4.0/avr5\libgcc.a(_clear_bss.o)
                0x00000076                __do_clear_bss
 *(.init4)
 *(.init5)
 *(.init5)
 *(.init6)
 *(.init6)
 *(.init7)
 *(.init7)
 *(.init8)
 *(.init8)
 *(.init9)
 .init9         0x00000086        0x8 D:/Microchip Studio/7.0/Packs/atmel/ATmega_DFP/1.7.374/gcc/dev/atmega32/avr5/crtatmega32.o
 *(.init9)
 *(.text)
 .text          0x0000008e        0x4 D:/Microchip Studio/7.0/Packs/atmel/ATmega_DFP/1.7.374/gcc/dev/atmega32/avr5/crtatmega32.o
                0x0000008e                __vector_12
                0x0000008e                __bad_interrupt
                0x0000008e                __vector_6
                0x0000008e                __vector_13
                0x0000008e                __vector_17
                0x0000008e                __vector_19
                0x0000008e                __vector_7
                0x0000008e                __vector_5
                0x0000008e                __vector_4
                0x0000008e                __vector_9
                0x0000008e                __vector_15
                0x0000008e                __vector_8
                0x0000008e                __vector_14
                0x0000008e                __vector_16
                0x0000008e                __vector_18
                0x0000008e                __vector_20
                0x00000092                . = ALIGN (0x2)
 *(.text.*)
 .text.DIO_voidSetPinDirection
                0x00000092       0xe0 DIO.o
                0x00000092                DIO_voidSetPinDirection
 .text.DIO_voidSetPinValue
                0x00000172       0xe0 DIO.o
                0x00000172                DIO_voidSetPinValue
 .text.DIO_u8GetPinValue
                0x00000252       0xb2 DIO.o
                0x00000252                DIO_u8GetPinValue
 .text.DIO_voidSetPinPullUpRes
                0x00000304       0x1e DIO.o
                0x00000304                DIO_voidSetPinPullUpRes
 .text.DIO_voidSetPortDirection
                0x00000322       0x20 DIO.o
                0x00000322                DIO_voidSetPortDirection
 .text.DIO_voidSetPortValue
                0x00000342       0x20 DIO.o
                0x00000342                DIO_voidSetPortValue
 .text.DIO_u8GetPortValue
                0x00000362       0x22 DIO.o
                0x00000362                DIO_u8GetPortValue
 .text.EXTI_voidGlobalINT_Enable
                0x00000384        0x8 EXT_INTERRUPT.o
                0x00000384                EXTI_voidGlobalINT_Enable
 .text.EXTI_void_INT_Init
                0x0000038c       0xcc EXT_INTERRUPT.o
                0x0000038c                EXTI_void_INT_Init
 .text.EXTI_voidSetCallBack
                0x00000458       0x30 EXT_INTERRUPT.o
                0x00000458                EXTI_voidSetCallBack
 .text.__vector_1
                0x00000488       0x52 EXT_INTERRUPT.o
                0x00000488                __vector_1
 .text.__vector_2
                0x000004da       0x52 EXT_INTERRUPT.o
                0x000004da                __vector_2
 .text.__vector_3
                0x0000052c       0x52 EXT_INTERRUPT.o
                0x0000052c                __vector_3
 .text.LEDs_Init
                0x0000057e       0x1a FUNCTIONS.o
                0x0000057e                LEDs_Init
 .text.BUZZER_Init
                0x00000598        0xc FUNCTIONS.o
                0x00000598                BUZZER_Init
 .text.InitCheckPassword
                0x000005a4       0x3e FUNCTIONS.o
                0x000005a4                InitCheckPassword
 .text.checkPassword
                0x000005e2      0x14c FUNCTIONS.o
                0x000005e2                checkPassword
 .text.checkingPassword
                0x0000072e       0x30 FUNCTIONS.o
                0x0000072e                checkingPassword
 .text.DisplayProgamChoices
                0x0000075e       0x1e FUNCTIONS.o
                0x0000075e                DisplayProgamChoices
 .text.Exit     0x0000077c       0x2e FUNCTIONS.o
                0x0000077c                Exit
 .text.Program  0x000007aa       0x5c FUNCTIONS.o
                0x000007aa                Program
 .text.mainLoop
                0x00000806       0x60 FUNCTIONS.o
                0x00000806                mainLoop
 .text.DepositChoice
                0x00000866       0xb6 FUNCTIONS.o
                0x00000866                DepositChoice
 .text.CheckChoice
                0x0000091c       0x7e FUNCTIONS.o
                0x0000091c                CheckChoice
 .text.WithdrawChoice
                0x0000099a      0x126 FUNCTIONS.o
                0x0000099a                WithdrawChoice
 .text.ChangePSWChoice
                0x00000ac0      0x168 FUNCTIONS.o
                0x00000ac0                ChangePSWChoice
 .text.KEYPAD_voidInit
                0x00000c28       0x72 KEYPAD.o
                0x00000c28                KEYPAD_voidInit
 .text.KEYPAD_u8GetPressedKey
                0x00000c9a      0x114 KEYPAD.o
                0x00000c9a                KEYPAD_u8GetPressedKey
 .text.LCD_voidSendCommand
                0x00000dae       0x74 LCD.o
                0x00000dae                LCD_voidSendCommand
 .text.LCD_voidSendData
                0x00000e22       0x74 LCD.o
                0x00000e22                LCD_voidSendData
 .text.LCD_voidSendString
                0x00000e96       0x3e LCD.o
                0x00000e96                LCD_voidSendString
 .text.LCD_voidClearScreen
                0x00000ed4        0x8 LCD.o
                0x00000ed4                LCD_voidClearScreen
 .text.LCD_moveCursor
                0x00000edc       0x14 LCD.o
                0x00000edc                LCD_moveCursor
 .text.LCD_voidInit
                0x00000ef0       0x3a LCD.o
                0x00000ef0                LCD_voidInit
 .text.LCD_u8GetCursorAddress
                0x00000f2a       0x6a LCD.o
                0x00000f2a                LCD_u8GetCursorAddress
 .text.LCD_voidMoveToNextlineAuto
                0x00000f94       0x12 LCD.o
                0x00000f94                LCD_voidMoveToNextlineAuto
 .text.LedConfig
                0x00000fa6        0x8 LED.o
                0x00000fa6                LedConfig
 .text.LedStatus
                0x00000fae       0x1a LED.o
                0x00000fae                LedStatus
 .text.main     0x00000fc8       0x64 main.o
                0x00000fc8                main
 .text.__vector_10
                0x0000102c       0x72 Timer.o
                0x0000102c                __vector_10
 .text.__vector_11
                0x0000109e       0x76 Timer.o
                0x0000109e                __vector_11
 .text.M_USART_Init
                0x00001114       0x42 USART.o
                0x00001114                M_USART_Init
 .text.M_USART_sendByte
                0x00001156        0x8 USART.o
                0x00001156                M_USART_sendByte
 .text.M_USART_recieveByte
                0x0000115e        0x8 USART.o
                0x0000115e                M_USART_recieveByte
 .text.M_USART_receiveString
                0x00001166       0x42 USART.o
                0x00001166                M_USART_receiveString
 .text.M_USART_sendU32
                0x000011a8       0x44 USART.o
                0x000011a8                M_USART_sendU32
 .text.libgcc.div
                0x000011ec       0x44 d:/microchip studio/7.0/toolchain/avr8/avr8-gnu-toolchain/bin/../lib/gcc/avr/5.4.0/avr5\libgcc.a(_udivmodsi4.o)
                0x000011ec                __udivmodsi4
                0x00001230                . = ALIGN (0x2)
 *(.fini9)
 .fini9         0x00001230        0x0 d:/microchip studio/7.0/toolchain/avr8/avr8-gnu-toolchain/bin/../lib/gcc/avr/5.4.0/avr5\libgcc.a(_exit.o)
                0x00001230                _exit
                0x00001230                exit
 *(.fini9)
 *(.fini8)
 *(.fini8)
 *(.fini7)
 *(.fini7)
 *(.fini6)
 *(.fini6)
 *(.fini5)
 *(.fini5)
 *(.fini4)
 *(.fini4)
 *(.fini3)
 *(.fini3)
 *(.fini2)
 *(.fini2)
 *(.fini1)
 *(.fini1)
 *(.fini0)
 .fini0         0x00001230        0x4 d:/microchip studio/7.0/toolchain/avr8/avr8-gnu-toolchain/bin/../lib/gcc/avr/5.4.0/avr5\libgcc.a(_exit.o)
 *(.fini0)
                0x00001234                _etext = .

.data           0x00800060       0xf2 load address 0x00001234
                0x00800060                PROVIDE (__data_start, .)
 *(.data)
 *(.data*)
 .data.checking
                0x00800060        0x1 FUNCTIONS.o
                0x00800060                checking
 .data.DataIndex
                0x00800061        0x1 FUNCTIONS.o
                0x00800061                DataIndex
 *(.gnu.linkonce.d*)
 *(.rodata)
 .rodata        0x00800062       0x10 KEYPAD.o
 *(.rodata*)
 .rodata.str1.1
                0x00800072       0xd2 FUNCTIONS.o
 .rodata.str1.1
                0x00800144        0xd main.o
 *(.gnu.linkonce.r*)
                0x00800152                . = ALIGN (0x2)
 *fill*         0x00800151        0x1 
                0x00800152                _edata = .
                0x00800152                PROVIDE (__data_end, .)

.bss            0x00800152        0xf
                0x00800152                PROVIDE (__bss_start, .)
 *(.bss)
 *(.bss*)
 .bss.EXTI_CallBack
                0x00800152        0x6 EXT_INTERRUPT.o
                0x00800152                EXTI_CallBack
 .bss.running   0x00800158        0x1 FUNCTIONS.o
                0x00800158                running
 .bss.L_u16CounterOVF.1614
                0x00800159        0x2 Timer.o
 .bss.L_u16CounterCTC.1608
                0x0080015b        0x2 Timer.o
 .bss.Global_pvTimerCTCCallBack
                0x0080015d        0x4 Timer.o
 *(COMMON)
                0x00800161                PROVIDE (__bss_end, .)
                0x00001234                __data_load_start = LOADADDR (.data)
                0x00001326                __data_load_end = (__data_load_start + SIZEOF (.data))

.noinit         0x00800161        0x0
                [!provide]                PROVIDE (__noinit_start, .)
 *(.noinit*)
                [!provide]                PROVIDE (__noinit_end, .)
                0x00800161                _end = .
                [!provide]                PROVIDE (__heap_start, .)

.eeprom         0x00810000        0x0
 *(.eeprom*)
                0x00810000                __eeprom_end = .

.fuse
 *(.fuse)
 *(.lfuse)
 *(.hfuse)
 *(.efuse)

.lock
 *(.lock*)

.signature
 *(.signature*)

.user_signatures
 *(.user_signatures*)

.stab
 *(.stab)

.stabstr
 *(.stabstr)

.stab.excl
 *(.stab.excl)

.stab.exclstr
 *(.stab.exclstr)

.stab.index
 *(.stab.index)

.stab.indexstr
 *(.stab.indexstr)

.comment        0x00000000       0x30
 *(.comment)
 .comment       0x00000000       0x30 DIO.o
                                 0x31 (size before relaxing)
 .comment       0x00000030       0x31 EXT_INTERRUPT.o
 .comment       0x00000030       0x31 FUNCTIONS.o
 .comment       0x00000030       0x31 KEYPAD.o
 .comment       0x00000030       0x31 LCD.o
 .comment       0x00000030       0x31 LED.o
 .comment       0x00000030       0x31 main.o
 .comment       0x00000030       0x31 Timer.o
 .comment       0x00000030       0x31 USART.o

.note.gnu.avr.deviceinfo
                0x00000000       0x3c
 .note.gnu.avr.deviceinfo
                0x00000000       0x3c D:/Microchip Studio/7.0/Packs/atmel/ATmega_DFP/1.7.374/gcc/dev/atmega32/avr5/crtatmega32.o

.note.gnu.build-id
 *(.note.gnu.build-id)

.debug
 *(.debug)

.line
 *(.line)

.debug_srcinfo
 *(.debug_srcinfo)

.debug_sfnames
 *(.debug_sfnames)

.debug_aranges  0x00000000      0x2b0
 *(.debug_aranges)
 .debug_aranges
                0x00000000       0x58 DIO.o
 .debug_aranges
                0x00000058       0x60 EXT_INTERRUPT.o
 .debug_aranges
                0x000000b8       0x80 FUNCTIONS.o
 .debug_aranges
                0x00000138       0x28 KEYPAD.o
 .debug_aranges
                0x00000160       0x70 LCD.o
 .debug_aranges
                0x000001d0       0x28 LED.o
 .debug_aranges
                0x000001f8       0x20 main.o
 .debug_aranges
                0x00000218       0x48 Timer.o
 .debug_aranges
                0x00000260       0x50 USART.o

.debug_pubnames
 *(.debug_pubnames)

.debug_info     0x00000000     0x2e82
 *(.debug_info .gnu.linkonce.wi.*)
 .debug_info    0x00000000      0x4e6 D:/Microchip Studio/7.0/Packs/atmel/ATmega_DFP/1.7.374/gcc/dev/atmega32/avr5/crtatmega32.o
 .debug_info    0x000004e6      0x29d DIO.o
 .debug_info    0x00000783      0x1ed EXT_INTERRUPT.o
 .debug_info    0x00000970     0x10f9 FUNCTIONS.o
 .debug_info    0x00001a69      0x3bf KEYPAD.o
 .debug_info    0x00001e28      0x865 LCD.o
 .debug_info    0x0000268d      0x16d LED.o
 .debug_info    0x000027fa      0x289 main.o
 .debug_info    0x00002a83      0x199 Timer.o
 .debug_info    0x00002c1c      0x266 USART.o

.debug_abbrev   0x00000000      0xea5
 *(.debug_abbrev)
 .debug_abbrev  0x00000000      0x4a3 D:/Microchip Studio/7.0/Packs/atmel/ATmega_DFP/1.7.374/gcc/dev/atmega32/avr5/crtatmega32.o
 .debug_abbrev  0x000004a3       0xd8 DIO.o
 .debug_abbrev  0x0000057b       0xef EXT_INTERRUPT.o
 .debug_abbrev  0x0000066a      0x1eb FUNCTIONS.o
 .debug_abbrev  0x00000855      0x14a KEYPAD.o
 .debug_abbrev  0x0000099f      0x18f LCD.o
 .debug_abbrev  0x00000b2e       0x98 LED.o
 .debug_abbrev  0x00000bc6       0xf6 main.o
 .debug_abbrev  0x00000cbc       0xb8 Timer.o
 .debug_abbrev  0x00000d74      0x131 USART.o

.debug_line     0x00000000     0x171a
 *(.debug_line .debug_line.* .debug_line_end)
 .debug_line    0x00000000      0x116 D:/Microchip Studio/7.0/Packs/atmel/ATmega_DFP/1.7.374/gcc/dev/atmega32/avr5/crtatmega32.o
 .debug_line    0x00000116      0x1f5 DIO.o
 .debug_line    0x0000030b      0x24b EXT_INTERRUPT.o
 .debug_line    0x00000556      0x73b FUNCTIONS.o
 .debug_line    0x00000c91      0x1ef KEYPAD.o
 .debug_line    0x00000e80      0x35f LCD.o
 .debug_line    0x000011df       0x7e LED.o
 .debug_line    0x0000125d      0x180 main.o
 .debug_line    0x000013dd      0x158 Timer.o
 .debug_line    0x00001535      0x1e5 USART.o

.debug_frame    0x00000000      0x71c
 *(.debug_frame)
 .debug_frame   0x00000000       0xa8 DIO.o
 .debug_frame   0x000000a8      0x17c EXT_INTERRUPT.o
 .debug_frame   0x00000224      0x158 FUNCTIONS.o
 .debug_frame   0x0000037c       0x6c KEYPAD.o
 .debug_frame   0x000003e8      0x10c LCD.o
 .debug_frame   0x000004f4       0x34 LED.o
 .debug_frame   0x00000528       0x24 main.o
 .debug_frame   0x0000054c      0x104 Timer.o
 .debug_frame   0x00000650       0xcc USART.o

.debug_str      0x00000000      0xa01
 *(.debug_str)
 .debug_str     0x00000000      0x196 D:/Microchip Studio/7.0/Packs/atmel/ATmega_DFP/1.7.374/gcc/dev/atmega32/avr5/crtatmega32.o
 .debug_str     0x00000196      0x240 DIO.o
                                0x267 (size before relaxing)
 .debug_str     0x000003d6      0x10d EXT_INTERRUPT.o
                                0x284 (size before relaxing)
 .debug_str     0x000004e3      0x241 FUNCTIONS.o
                                0x3fa (size before relaxing)
 .debug_str     0x00000724       0x6b KEYPAD.o
                                0x2a9 (size before relaxing)
 .debug_str     0x0000078f       0xda LCD.o
                                0x371 (size before relaxing)
 .debug_str     0x00000869       0x19 LED.o
                                0x1f4 (size before relaxing)
 .debug_str     0x00000882       0x1e main.o
                                0x2a0 (size before relaxing)
 .debug_str     0x000008a0       0xf9 Timer.o
                                0x279 (size before relaxing)
 .debug_str     0x00000999       0x68 USART.o
                                0x247 (size before relaxing)

.debug_loc      0x00000000     0x1885
 *(.debug_loc)
 .debug_loc     0x00000000      0x37f DIO.o
 .debug_loc     0x0000037f      0x341 EXT_INTERRUPT.o
 .debug_loc     0x000006c0      0x69a FUNCTIONS.o
 .debug_loc     0x00000d5a      0x1ad KEYPAD.o
 .debug_loc     0x00000f07      0x44c LCD.o
 .debug_loc     0x00001353      0x12a LED.o
 .debug_loc     0x0000147d       0x48 main.o
 .debug_loc     0x000014c5      0x196 Timer.o
 .debug_loc     0x0000165b      0x22a USART.o

.debug_macinfo
 *(.debug_macinfo)

.debug_weaknames
 *(.debug_weaknames)

.debug_funcnames
 *(.debug_funcnames)

.debug_typenames
 *(.debug_typenames)

.debug_varnames
 *(.debug_varnames)

.debug_pubtypes
 *(.debug_pubtypes)

.debug_ranges   0x00000000      0x220
 *(.debug_ranges)
 .debug_ranges  0x00000000       0x48 DIO.o
 .debug_ranges  0x00000048       0x50 EXT_INTERRUPT.o
 .debug_ranges  0x00000098       0x70 FUNCTIONS.o
 .debug_ranges  0x00000108       0x18 KEYPAD.o
 .debug_ranges  0x00000120       0x60 LCD.o
 .debug_ranges  0x00000180       0x18 LED.o
 .debug_ranges  0x00000198       0x10 main.o
 .debug_ranges  0x000001a8       0x38 Timer.o
 .debug_ranges  0x000001e0       0x40 USART.o

.debug_macro
 *(.debug_macro)
OUTPUT(ATM_Project_MCU2.elf elf32-avr)
LOAD linker stubs
